Microchip MPLAB XC8 Compiler V2.36

Linker command line:

-W-3 --edf=C:\Program Files\Microchip\xc8\v2.36\pic\dat\en_msgs.txt -cn \
  -h+dist/default/production\Teclado_Matricial_4x4_Cerradura_Electronica.X.production.sym \
  --cmf=dist/default/production\Teclado_Matricial_4x4_Cerradura_Electronica.X.production.cmf \
  -z -Q18F4550 -oC:\Users\57315\AppData\Local\Temp\xcAs34g.4 \
  --defsym=__MPLAB_BUILD=1 \
  -Mdist/default/production/Teclado_Matricial_4x4_Cerradura_Electronica.X.production.map \
  --md=C:\Users\57315\AppData\Local\Temp\xcAs34g.dat -E1 -ver=XC8 Compiler \
  --acfsm=1493 -ACODE=00h-07FFFh -ACONST=00h-07FFFh \
  -ASMALLCONST=0800h-08FFhx120 -AMEDIUMCONST=0800h-07FFFh -ACOMRAM=01h-05Fh \
  -AABS1=00h-07FFh -ABIGRAM=01h-07FFh -ARAM=060h-0FFh,0100h-01FFhx7 \
  -ABANK0=060h-0FFh -ABANK1=0100h-01FFh -ABANK2=0200h-02FFh \
  -ABANK3=0300h-03FFh -ABANK4=0400h-04FFh -ABANK5=0500h-05FFh \
  -ABANK6=0600h-06FFh -ABANK7=0700h-07FFh -ASFR=0F60h-0FFFh \
  -ABIGSFR=0F60h-0FFFh -ACONFIG=0300000h-030000Dh -AIDLOC=0200000h-0200007h \
  -AEEDATA=0F00000h-0F000FFh -peeprom_data=EEDATA \
  -preset_vec=00h,intcode,intcodelo,powerup,init -pramtop=0800h \
  -psmallconst=SMALLCONST -pmediumconst=MEDIUMCONST -pconst=CONST \
  -AFARRAM=00h-00h \
  -prdata=COMRAM,nvrram=COMRAM,nvbit=COMRAM,rbss=COMRAM,rbit=COMRAM \
  -pfarbss=FARRAM,fardata=FARRAM,nvFARRAM=FARRAM \
  -pintsave_regs=BIGRAM,bigbss=BIGRAM,bigdata=BIGRAM -pbss=RAM \
  -pidata=CODE,irdata=CODE,ibigdata=CODE,ifardata=CODE -prparam=COMRAM \
  C:\Users\57315\AppData\Local\Temp\xcAs34g.o \
  dist/default/production\Teclado_Matricial_4x4_Cerradura_Electronica.X.production.o 

Object code version is 3.11

Machine type is 18F4550



                Name                               Link     Load   Length Selector   Space Scale
C:\Users\57315\AppData\Local\Temp\xcAs34g.o
                idloc                            200000   200000        8        0       5
                config                           300000   300000        E        0       4
                init                                  0        0        4        0       0
dist/default/production\Teclado_Matricial_4x4_Cerradura_Electronica.X.production.o
                idloc                            200000   200000        8        0       5
                config                           300000   300000        E        0       4
                smallconst                          800      800       F0      400       0
                text29                              8F0      8F0      424      478       0
                text28                             2000     2000       12      478       0
                text27                             2032     2032        C     1012       0
                text26                             1F52     1F52       2C      478       0
                text25                             1D70     1D70       5C      478       0
                text24                             1FC4     1FC4       20      478       0
                text23                             1F7E     1F7E       26      478       0
                text22                             1FE4     1FE4       1C      478       0
                text21                             1D14     1D14       5C      478       0
                text20                             1FA4     1FA4       20      478       0
                text19                             2024     2024        E     1012       0
                text18                             1C4C     1C4C       66      478       0
                text17                             1B6C     1B6C       74      478       0
                text16                             1EE4     1EE4       38      478       0
                text15                             1AEE     1AEE       7E      478       0
                text14                             1672     1672      188      478       0
                text13                             17FA     17FA      164      478       0
                text12                             1EA4     1EA4       40      478       0
                text11                             203E     203E        2     1012       0
                text10                             195E     195E       CA      478       0
                text9                              1E1E     1E1E       44      478       0
                text8                              1F1C     1F1C       36      478       0
                text7                              1A28     1A28       C6      478       0
                text6                               D14      D14      2E4      478       0
                text5                              14BE     14BE      1B4      478       0
                text4                              1CB2     1CB2       62      478       0
                text3                              1DCC     1DCC       52      478       0
                text2                              12B0     12B0      20E      478       0
                text1                              1BE0     1BE0       6C      478       0
                text0                               FF8      FF8      2B8      478       0
                cstackCOMRAM                          1        1       5F        1       1
                cstackBANK0                          60       60       41       60       1
                bssBANK1                            100      100       20      100       1
                dataBANK0                            D0       D0       11       60       1
                bssBANK0                             A1       A1       2F       60       1
                cinit                              1E62     1E62       42      478       0
                idataBANK0                         2012     2012       11      478       0

TOTAL           Name                               Link     Load   Length     Space
        CLASS   CODE           
                init                                  0        0        4         0
                text29                              8F0      8F0      424         0
                text28                             2000     2000       12         0
                text27                             2032     2032        C         0
                text26                             1F52     1F52       2C         0
                text25                             1D70     1D70       5C         0
                text24                             1FC4     1FC4       20         0
                text23                             1F7E     1F7E       26         0
                text22                             1FE4     1FE4       1C         0
                text21                             1D14     1D14       5C         0
                text20                             1FA4     1FA4       20         0
                text19                             2024     2024        E         0
                text18                             1C4C     1C4C       66         0
                text17                             1B6C     1B6C       74         0
                text16                             1EE4     1EE4       38         0
                text15                             1AEE     1AEE       7E         0
                text14                             1672     1672      188         0
                text13                             17FA     17FA      164         0
                text12                             1EA4     1EA4       40         0
                text11                             203E     203E        2         0
                text10                             195E     195E       CA         0
                text9                              1E1E     1E1E       44         0
                text8                              1F1C     1F1C       36         0
                text7                              1A28     1A28       C6         0
                text6                               D14      D14      2E4         0
                text5                              14BE     14BE      1B4         0
                text4                              1CB2     1CB2       62         0
                text3                              1DCC     1DCC       52         0
                text2                              12B0     12B0      20E         0
                text1                              1BE0     1BE0       6C         0
                text0                               FF8      FF8      2B8         0
                cinit                              1E62     1E62       42         0
                idataBANK0                         2012     2012       11         0

        CLASS   CONST          

        CLASS   SMALLCONST     
                smallconst                          800      800       F0         0

        CLASS   MEDIUMCONST    

        CLASS   COMRAM         
                cstackCOMRAM                          1        1       5F         1

        CLASS   ABS1           

        CLASS   BIGRAM         

        CLASS   RAM            

        CLASS   BANK0          
                cstackBANK0                          60       60       41         1
                dataBANK0                            D0       D0       11         1
                bssBANK0                             A1       A1       2F         1

        CLASS   BANK1          
                bssBANK1                            100      100       20         1

        CLASS   BANK2          

        CLASS   BANK3          

        CLASS   BANK4          

        CLASS   BANK5          

        CLASS   BANK6          

        CLASS   BANK7          

        CLASS   SFR            

        CLASS   BIGSFR         

        CLASS   CONFIG         
                config                           300000   300000        E         4

        CLASS   IDLOC          
                idloc                            200000   200000        8         5

        CLASS   EEDATA         

        CLASS   FARRAM         

        CLASS   HEAP           

        CLASS   STACK          



SEGMENTS        Name                           Load    Length   Top    Selector   Space  Class

                reset_vec                      000000  000004  000004         0       0  CODE    
                cstackCOMRAM                   000001  00005F  000060         1       1  COMRAM  
                cstackBANK0                    000060  000081  0000E1        60       1  BANK0   
                bssBANK1                       000100  000020  000120       100       1  BANK1   
                smallconst                     000800  0000F0  0008F0       400       0  SMALLCON
                text29                         0008F0  001733  002023       478       0  CODE    
                text19                         002024  00001C  002040      1012       0  CODE    


UNUSED ADDRESS RANGES

        Name                Unused          Largest block    Delta
        BANK0            0000E1-0000FF               1F
        BANK1            000120-0001FF               E0
        BANK2            000200-0002FF              100
        BANK3            000300-0003FF              100
        BANK4            000400-0004FF              100
        BANK5            000500-0005FF              100
        BANK6            000600-0006FF              100
        BANK7            000700-0007FF              100
        BIGRAM           0000E1-0000FF               1F
                         000120-0007FF              6E0
        BIGSFR           000F60-000FFF               A0
        CODE             000004-0007FF              7FC
                         002023-002023                1
                         002040-007FFF             5FC0
        CONST            000004-0007FF              7FC
                         002023-002023                1
                         002040-007FFF             5FC0
        EEDATA           F00000-F000FF              100
        MEDIUMCONST      002023-002023                1
                         002040-007FFF             5FC0
        RAM              0000E1-0000FF               1F
                         000120-0007FF              100
        SFR              000F60-000FFF               A0
        SMALLCONST       002023-002023                1
                         002040-007FFF              100

                                  Symbol Table

?_LDR_funcion                    cstackCOMRAM 000001
?___aodiv                        cstackCOMRAM 000001
?___aomod                        cstackCOMRAM 000001
?_abs                            cstackCOMRAM 000013
?_dtoa                           cstackCOMRAM 00001C
?_pad                            cstackCOMRAM 000011
?_sprintf                        cstackCOMRAM 000058
?_strcmp                         cstackCOMRAM 000001
?_strlen                         cstackCOMRAM 000001
?_vfpfcnvrt                      cstackCOMRAM 000040
?_vfprintf                       cstackCOMRAM 000050
DHT11_ReadData@data              cstackCOMRAM 000002
DHT11_ReadData@i                 cstackCOMRAM 000001
LDR_funcion@ldr_data             cstackCOMRAM 000004
Lcd_Cmd@a                        cstackCOMRAM 000003
Lcd_Port@a                       cstackCOMRAM 000001
_ADCON1bits                      (abs)        000FC1
_Buffer_LCD                      bssBANK0     0000A1
_Configuracion_Registros         text27       002032
_Contador_Tecla                  bssBANK0     0000CA
_DHT11_CheckResponse             text26       001F52
_DHT11_ReadData                  text25       001D70
_DHT11_Start                     text24       001FC4
_K                               bssBANK0     0000C9
_Keypad_Get_Char                 text29       0008F0
_Keypad_Init                     text28       002000
_LATA0                           (abs)        007C48
_LATBbits                        (abs)        000F8A
_LATC                            (abs)        000F8B
_LATCbits                        (abs)        000F8B
_LATDbits                        (abs)        000F8C
_LDR_funcion                     text23       001F7E
_Lcd_Cmd                         text20       001FA4
_Lcd_Port                        text21       001D14
_OSCCON                          (abs)        000FD3
_PORTAbits                       (abs)        000F80
_PORTBbits                       (abs)        000F81
_Password                        bssBANK0     0000CB
_RD2                             (abs)        007C1A
_RD3                             (abs)        007C1B
_RD4                             (abs)        007C1C
_RD5                             (abs)        007C1D
_RD6                             (abs)        007C1E
_RD7                             (abs)        007C1F
_TRISAbits                       (abs)        000F92
_TRISBbits                       (abs)        000F93
_TRISC                           (abs)        000F94
_TRISD                           (abs)        000F95
_Tiempo_Apertura                 dataBANK0    0000D8
_Tiempo_Incorrecto               dataBANK0    0000D4
__HRAM                           (abs)        000000
__Habs1                          abs1         000000
__Hbank0                         bank0        000000
__Hbank1                         bank1        000000
__Hbank2                         bank2        000000
__Hbank3                         bank3        000000
__Hbank4                         bank4        000000
__Hbank5                         bank5        000000
__Hbank6                         bank6        000000
__Hbank7                         bank7        000000
__Hbigbss                        bigbss       000000
__Hbigdata                       bigdata      000000
__Hbigram                        bigram       000000
__Hbigsfr                        bigsfr       000000
__Hbss                           bss          000000
__HbssBANK0                      bssBANK0     000000
__HbssBANK1                      bssBANK1     000000
__Hcinit                         cinit        000000
__Hclrtext                       clrtext      000000
__Hcomram                        comram       000000
__Hconfig                        config       30000E
__Hconst                         const        000000
__HcstackBANK0                   cstackBANK0  000000
__HcstackCOMRAM                  cstackCOMRAM 000000
__Hdata                          data         000000
__HdataBANK0                     dataBANK0    000000
__Heeprom_data                   eeprom_data  000000
__Hfarbss                        farbss       000000
__Hfardata                       fardata      000000
__Hheap                          heap         000000
__Hibigdata                      ibigdata     000000
__Hidata                         idata        000000
__HidataBANK0                    idataBANK0   000000
__Hidloc                         idloc        200008
__Hifardata                      ifardata     000000
__Hinit                          init         000004
__Hintcode                       intcode      000000
__Hintcode_body                  intcode_body 000000
__Hintcodelo                     intcodelo    000000
__Hintentry                      intentry     000000
__Hintret                        intret       000000
__Hintsave_regs                  intsave_regs 000000
__Hirdata                        irdata       000000
__Hmediumconst                   mediumconst  000000
__HnvFARRAM                      nvFARRAM     000000
__Hnvbit                         nvbit        000000
__Hnvrram                        nvrram       000000
__Hparam                         rparam       000000
__Hpowerup                       powerup      000000
__Hram                           ram          000000
__Hramtop                        ramtop       000800
__Hrbit                          rbit         000000
__Hrbss                          rbss         000000
__Hrdata                         rdata        000000
__Hreset_vec                     reset_vec    000000
__Hrparam                        rparam       000000
__Hsfr                           sfr          000000
__Hsmallconst                    smallconst   0008F0
__Hspace_0                       (abs)        002040
__Hspace_1                       (abs)        000120
__Hspace_2                       (abs)        000000
__Hspace_4                       (abs)        60000E
__Hstack                         stack        000000
__Hstruct                        struct       000000
__Htemp                          temp         000000
__Htext                          text         000000
__Htext0                         text0        000000
__Htext1                         text1        000000
__Htext10                        text10       000000
__Htext11                        text11       000000
__Htext12                        text12       000000
__Htext13                        text13       000000
__Htext14                        text14       000000
__Htext15                        text15       000000
__Htext16                        text16       000000
__Htext17                        text17       000000
__Htext18                        text18       000000
__Htext19                        text19       000000
__Htext2                         text2        000000
__Htext20                        text20       000000
__Htext21                        text21       000000
__Htext22                        text22       000000
__Htext23                        text23       000000
__Htext24                        text24       000000
__Htext25                        text25       000000
__Htext26                        text26       000000
__Htext27                        text27       000000
__Htext28                        text28       000000
__Htext29                        text29       000000
__Htext3                         text3        000000
__Htext4                         text4        000000
__Htext5                         text5        000000
__Htext6                         text6        000000
__Htext7                         text7        000000
__Htext8                         text8        000000
__Htext9                         text9        000000
__LRAM                           (abs)        000001
__Labs1                          abs1         000000
__Lbank0                         bank0        000000
__Lbank1                         bank1        000000
__Lbank2                         bank2        000000
__Lbank3                         bank3        000000
__Lbank4                         bank4        000000
__Lbank5                         bank5        000000
__Lbank6                         bank6        000000
__Lbank7                         bank7        000000
__Lbigbss                        bigbss       000000
__Lbigdata                       bigdata      000000
__Lbigram                        bigram       000000
__Lbigsfr                        bigsfr       000000
__Lbss                           bss          000000
__LbssBANK0                      bssBANK0     000000
__LbssBANK1                      bssBANK1     000000
__Lcinit                         cinit        000000
__Lclrtext                       clrtext      000000
__Lcomram                        comram       000000
__Lconfig                        config       000000
__Lconst                         const        000000
__LcstackBANK0                   cstackBANK0  000000
__LcstackCOMRAM                  cstackCOMRAM 000000
__Ldata                          data         000000
__LdataBANK0                     dataBANK0    000000
__Leeprom_data                   eeprom_data  000000
__Lfarbss                        farbss       000000
__Lfardata                       fardata      000000
__Lheap                          heap         000000
__Libigdata                      ibigdata     000000
__Lidata                         idata        000000
__LidataBANK0                    idataBANK0   000000
__Lidloc                         idloc        000000
__Lifardata                      ifardata     000000
__Linit                          init         000000
__Lintcode                       intcode      000000
__Lintcode_body                  intcode_body 000000
__Lintcodelo                     intcodelo    000000
__Lintentry                      intentry     000000
__Lintret                        intret       000000
__Lintsave_regs                  intsave_regs 000000
__Lirdata                        irdata       000000
__Lmediumconst                   mediumconst  000000
__LnvFARRAM                      nvFARRAM     000000
__Lnvbit                         nvbit        000000
__Lnvrram                        nvrram       000000
__Lparam                         rparam       000000
__Lpowerup                       powerup      000000
__Lram                           ram          000000
__Lramtop                        ramtop       000800
__Lrbit                          rbit         000000
__Lrbss                          rbss         000000
__Lrdata                         rdata        000000
__Lreset_vec                     reset_vec    000000
__Lrparam                        rparam       000000
__Lsfr                           sfr          000000
__Lsmallconst                    smallconst   000800
__Lspace_0                       (abs)        000000
__Lspace_1                       (abs)        000000
__Lspace_2                       (abs)        000000
__Lspace_4                       (abs)        000000
__Lstack                         stack        000000
__Lstruct                        struct       000000
__Ltemp                          temp         000000
__Ltext                          text         000000
__Ltext0                         text0        000000
__Ltext1                         text1        000000
__Ltext10                        text10       000000
__Ltext11                        text11       000000
__Ltext12                        text12       000000
__Ltext13                        text13       000000
__Ltext14                        text14       000000
__Ltext15                        text15       000000
__Ltext16                        text16       000000
__Ltext17                        text17       000000
__Ltext18                        text18       000000
__Ltext19                        text19       000000
__Ltext2                         text2        000000
__Ltext20                        text20       000000
__Ltext21                        text21       000000
__Ltext22                        text22       000000
__Ltext23                        text23       000000
__Ltext24                        text24       000000
__Ltext25                        text25       000000
__Ltext26                        text26       000000
__Ltext27                        text27       000000
__Ltext28                        text28       000000
__Ltext29                        text29       000000
__Ltext3                         text3        000000
__Ltext4                         text4        000000
__Ltext5                         text5        000000
__Ltext6                         text6        000000
__Ltext7                         text7        000000
__Ltext8                         text8        000000
__Ltext9                         text9        000000
__S0                             (abs)        002040
__S1                             (abs)        000120
__S4                             (abs)        000000
__S5                             (abs)        000000
___aodiv                         text14       001672
___aodiv@counter                 cstackCOMRAM 000011
___aodiv@dividend                cstackCOMRAM 000001
___aodiv@divisor                 cstackCOMRAM 000009
___aodiv@quotient                cstackCOMRAM 000013
___aodiv@sign                    cstackCOMRAM 000012
___aomod                         text13       0017FA
___aomod@counter                 cstackCOMRAM 000011
___aomod@dividend                cstackCOMRAM 000001
___aomod@divisor                 cstackCOMRAM 000009
___aomod@sign                    cstackCOMRAM 000012
___heap_hi                       (abs)        000000
___heap_lo                       (abs)        000000
___inthi_sp                      stack        000000
___intlo_sp                      stack        000000
___param_bank                    (abs)        000000
___rparam_used                   (abs)        000001
___sp                            stack        000000
__accesstop                      (abs)        000060
__activetblptr                   (abs)        000002
__end_of_Configuracion_Registros text27       00203E
__end_of_DHT11_CheckResponse     text26       001F7E
__end_of_DHT11_ReadData          text25       001DCC
__end_of_DHT11_Start             text24       001FE4
__end_of_Keypad_Get_Char         text29       000D14
__end_of_Keypad_Init             text28       002012
__end_of_LDR_funcion             text23       001FA4
__end_of_Lcd_Cmd                 text20       001FC4
__end_of_Lcd_Port                text21       001D70
__end_of___aodiv                 text14       0017FA
__end_of___aomod                 text13       00195E
__end_of__initialization         cinit        001E9A
__end_of_abs                     text12       001EE4
__end_of_dht11                   text2        0014BE
__end_of_dtoa                    text6        000FF8
__end_of_encender_lampara        text22       002000
__end_of_fputc                   text10       001A28
__end_of_fputs                   text9        001E62
__end_of_lcd_clear               text19       002032
__end_of_lcd_gotoxy              text18       001CB2
__end_of_lcd_init                text17       001BE0
__end_of_lcd_putc                text15       001B6C
__end_of_lcd_write_char          text16       001F1C
__end_of_main                    text0        0012B0
__end_of_pad                     text7        001AEE
__end_of_putch                   text11       002040
__end_of_sprintf                 text3        001E1E
__end_of_strcmp                  text1        001C4C
__end_of_strlen                  text8        001F52
__end_of_vfpfcnvrt               text5        001672
__end_of_vfprintf                text4        001D14
__initialization                 cinit        001E62
__mediumconst                    mediumconst  000000
__pbssBANK0                      bssBANK0     0000A1
__pbssBANK1                      bssBANK1     000100
__pcinit                         cinit        001E62
__pcstackBANK0                   cstackBANK0  000060
__pcstackCOMRAM                  cstackCOMRAM 000001
__pdataBANK0                     dataBANK0    0000D0
__pidataBANK0                    idataBANK0   002012
__psmallconst                    smallconst   000800
__ptext0                         text0        000FF8
__ptext1                         text1        001BE0
__ptext10                        text10       00195E
__ptext11                        text11       00203E
__ptext12                        text12       001EA4
__ptext13                        text13       0017FA
__ptext14                        text14       001672
__ptext15                        text15       001AEE
__ptext16                        text16       001EE4
__ptext17                        text17       001B6C
__ptext18                        text18       001C4C
__ptext19                        text19       002024
__ptext2                         text2        0012B0
__ptext20                        text20       001FA4
__ptext21                        text21       001D14
__ptext22                        text22       001FE4
__ptext23                        text23       001F7E
__ptext24                        text24       001FC4
__ptext25                        text25       001D70
__ptext26                        text26       001F52
__ptext27                        text27       002032
__ptext28                        text28       002000
__ptext29                        text29       0008F0
__ptext3                         text3        001DCC
__ptext4                         text4        001CB2
__ptext5                         text5        0014BE
__ptext6                         text6        000D14
__ptext7                         text7        001A28
__ptext8                         text8        001F1C
__ptext9                         text9        001E1E
__ramtop                         ramtop       000800
__smallconst                     smallconst   000800
_abs                             text12       001EA4
_buffer_ldr                      bssBANK0     0000B1
_clave                           dataBANK0    0000DC
_dbuf                            bssBANK1     000100
_dht11                           text2        0012B0
_dtoa                            text6        000D14
_dtoa$1081                       cstackCOMRAM 00002E
_encender_lampara                text22       001FE4
_flags                           bssBANK0     0000C7
_fputc                           text10       00195E
_fputs                           text9        001E1E
_lcd_clear                       text19       002024
_lcd_gotoxy                      text18       001C4C
_lcd_init                        text17       001B6C
_lcd_putc                        text15       001AEE
_lcd_write_char                  text16       001EE4
_main                            text0        000FF8
_nout                            bssBANK0     0000C1
_pad                             text7        001A28
_prec                            bssBANK0     0000C5
_putch                           text11       00203E
_sprintf                         text3        001DCC
_strcmp                          text1        001BE0
_strlen                          text8        001F1C
_tiempo_bloqueo                  dataBANK0    0000D0
_vfpfcnvrt                       text5        0014BE
_vfprintf                        text4        001CB2
_width                           bssBANK0     0000C3
abs@a                            cstackCOMRAM 000013
dht11@RH_Integral                cstackBANK0  00007B
dht11@T_Integral                 cstackBANK0  00007C
dht11@ldr_ouput                  cstackBANK0  000079
dht11@value                      cstackBANK0  00006F
dtoa@d                           cstackCOMRAM 00001E
dtoa@fp                          cstackCOMRAM 00001C
dtoa@i                           cstackCOMRAM 00003E
dtoa@n                           cstackCOMRAM 000036
dtoa@p                           cstackCOMRAM 000030
dtoa@s                           cstackCOMRAM 000034
dtoa@w                           cstackCOMRAM 000032
encender_lampara@ldr_output      cstackCOMRAM 000001
end_of_initialization            cinit        001E9A
fputc@c                          cstackCOMRAM 000001
fputc@fp                         cstackCOMRAM 000003
fputs@c                          cstackCOMRAM 00000E
fputs@fp                         cstackCOMRAM 00000C
fputs@i                          cstackCOMRAM 00000F
fputs@s                          cstackCOMRAM 00000A
intlevel0                        text         000000
intlevel1                        text         000000
intlevel2                        text         000000
intlevel3                        text         000000
isa$std                          (abs)        000001
isa$xinst                        (abs)        000000
lcd_gotoxy@a                     cstackCOMRAM 000005
lcd_gotoxy@b                     cstackCOMRAM 000004
lcd_gotoxy@temp                  cstackCOMRAM 000008
lcd_gotoxy@y                     cstackCOMRAM 000007
lcd_gotoxy@z                     cstackCOMRAM 000006
lcd_putc@a                       cstackCOMRAM 000005
lcd_putc@i                       cstackCOMRAM 000009
lcd_write_char@a                 cstackCOMRAM 000004
lcd_write_char@temp              cstackCOMRAM 000002
lcd_write_char@y                 cstackCOMRAM 000003
main@intentos                    cstackBANK0  00009D
main@j                           cstackBANK0  00009F
main@tiempo                      cstackBANK0  00007F
pad@buf                          cstackCOMRAM 000013
pad@fp                           cstackCOMRAM 000011
pad@i                            cstackCOMRAM 000018
pad@p                            cstackCOMRAM 000015
pad@w                            cstackCOMRAM 00001A
sprintf@ap                       cstackBANK0  000060
sprintf@f                        cstackBANK0  000062
sprintf@fmt                      cstackCOMRAM 00005A
sprintf@s                        cstackCOMRAM 000058
stackhi                          (abs)        000000
stacklo                          (abs)        000000
start                            init         000000
start_initialization             cinit        001E62
strcmp@l                         cstackCOMRAM 000001
strcmp@r                         cstackCOMRAM 000003
strlen@a                         cstackCOMRAM 000003
strlen@s                         cstackCOMRAM 000001
vfpfcnvrt@ap                     cstackCOMRAM 000044
vfpfcnvrt@fmt                    cstackCOMRAM 000042
vfpfcnvrt@fp                     cstackCOMRAM 000040
vfpfcnvrt@ll                     cstackCOMRAM 000048
vfprintf@ap                      cstackCOMRAM 000054
vfprintf@cfmt                    cstackCOMRAM 000056
vfprintf@fmt                     cstackCOMRAM 000052
vfprintf@fp                      cstackCOMRAM 000050


MODULE INFORMATION

Module		Function		Class		Link	Load	Size
C:\Program Files\Microchip\xc8\v2.36\pic\sources\c99\common\putch.c
		_putch         		CODE           	203E	0000	2

C:\Program Files\Microchip\xc8\v2.36\pic\sources\c99\common\putch.c estimated size: 2

C:\Program Files\Microchip\xc8\v2.36\pic\sources\c99\common\nf_fputs.c
		_fputs         		CODE           	1E1E	0000	68

C:\Program Files\Microchip\xc8\v2.36\pic\sources\c99\common\nf_fputs.c estimated size: 68

C:\Program Files\Microchip\xc8\v2.36\pic\sources\c99\common\aomod.c
		___aomod       		CODE           	17FA	0000	356

C:\Program Files\Microchip\xc8\v2.36\pic\sources\c99\common\aomod.c estimated size: 356

C:\Program Files\Microchip\xc8\v2.36\pic\sources\c99\common\nf_sprintf.c
		_sprintf       		CODE           	1DCC	0000	82

C:\Program Files\Microchip\xc8\v2.36\pic\sources\c99\common\nf_sprintf.c estimated size: 82

Teclado_Matricial_4x4_Cerradura_Electronica.c
		_dht11         		CODE           	12B0	0000	526
		_main          		CODE           	0FF8	0000	696
		_encender_lampara		CODE           	1FE4	0000	28
		_DHT11_Start   		CODE           	1FC4	0000	32
		_LDR_funcion   		CODE           	1F7E	0000	38
		_DHT11_CheckResponse		CODE           	1F52	0000	44
		_Configuracion_Registros		CODE           	2032	0000	12
		_DHT11_ReadData		CODE           	1D70	0000	92

Teclado_Matricial_4x4_Cerradura_Electronica.c estimated size: 1468

./LCD_16x2_Library.h
		_lcd_write_char		CODE           	1EE4	0000	56
		_lcd_putc      		CODE           	1AEE	0000	126
		_Lcd_Cmd       		CODE           	1FA4	0000	32
		_lcd_clear     		CODE           	2024	0000	14
		_lcd_gotoxy    		CODE           	1C4C	0000	102
		_Lcd_Port      		CODE           	1D14	0000	92
		_lcd_init      		CODE           	1B6C	0000	116

./LCD_16x2_Library.h estimated size: 538

C:\Program Files\Microchip\xc8\v2.36\pic\sources\c99\common\strlen.c
		_strlen        		CODE           	1F1C	0000	54

C:\Program Files\Microchip\xc8\v2.36\pic\sources\c99\common\strlen.c estimated size: 54

KeyPad_4x4_Library.c
		_Keypad_Init   		CODE           	2000	0000	18
		_Keypad_Get_Char		CODE           	08F0	0000	1060

KeyPad_4x4_Library.c estimated size: 1078

C:\Program Files\Microchip\xc8\v2.36\pic\sources\c99\common\strcmp.c
		_strcmp        		CODE           	1BE0	0000	108

C:\Program Files\Microchip\xc8\v2.36\pic\sources\c99\common\strcmp.c estimated size: 108

C:\Program Files\Microchip\xc8\v2.36\pic\sources\c99\common\aodiv.c
		___aodiv       		CODE           	1672	0000	392

C:\Program Files\Microchip\xc8\v2.36\pic\sources\c99\common\aodiv.c estimated size: 392

C:\Program Files\Microchip\xc8\v2.36\pic\sources\c99\common\nf_fputc.c
		_fputc         		CODE           	195E	0000	202

C:\Program Files\Microchip\xc8\v2.36\pic\sources\c99\common\nf_fputc.c estimated size: 202

C:\Program Files\Microchip\xc8\v2.36\pic\sources\c99\common\doprnt.c
		_vfpfcnvrt     		CODE           	14BE	0000	436
		_pad           		CODE           	1A28	0000	198
		_dtoa          		CODE           	0D14	0000	740
		_vfprintf      		CODE           	1CB2	0000	98

C:\Program Files\Microchip\xc8\v2.36\pic\sources\c99\common\doprnt.c estimated size: 1472

shared
		__initialization		CODE           	1E62	0000	56

shared estimated size: 56

C:\Program Files\Microchip\xc8\v2.36\pic\sources\c99\common\abs.c
		_abs           		CODE           	1EA4	0000	64

C:\Program Files\Microchip\xc8\v2.36\pic\sources\c99\common\abs.c estimated size: 64

